#lang cmn-pinyin
#name Mandarin Chinese (Pinyin)
#syllabifier cmn
a	a
ai	a͡ɪ
an	an
ang	ɑŋ
ao	ɑ͡ʊ
ba	pa
bai	pa͡ɪ
ban	pan
bang	pɑŋ
bao	pɑ͡ʊ
bei	pe͡ɪ
ben	pən
beng	pəŋ
bi	pi
bian	pjɛn
biao	pjɑ͡ʊ
bie	pjɛ
bin	pin
bing	piŋ
bo	pwo
bu	pu
ca	ʦʰa
cai	ʦʰa͡ɪ
can	ʦʰan
cang	ʦʰɑŋ
cao	ʦʰɑ͡ʊ
ce	ʦʰɤ
cen	ʦʰən
ceng	ʦʰəŋ
cha	ʦ̢ʰa
chai	ʦ̢ʰa͡ɪ
chan	ʦ̢ʰan
chang	ʦ̢ʰɑŋ
chao	ʦ̢ʰɑ͡ʊ
che	ʦ̢ʰɤ
chen	ʦ̢ʰən
cheng	ʦ̢ʰəŋ
chi	ʦ̢ʰʅ
chong	ʦ̢ʰoŋ
chou	ʦ̢ʰo͡ʊ
chu	ʦ̢ʰu
chua	ʦ̢ʰwa
chuai	ʦ̢ʰwa͡ɪ
chuan	ʦ̢ʰwan
chuang	ʦ̢ʰwɑŋ
chui	ʦ̢ʰwe͡ɪ
chun	ʦ̢ʰwən
chuo	ʦ̢ʰwo
ci	ʦʰɿ
cong	ʦʰoŋ
cou	ʦʰo͡ʊ
cu	ʦʰu
cuan	ʦʰwan
cui	ʦwe͡ɪ
cun	ʦʰwən
cuo	ʦʰwo
da	ta
dai	ta͡ɪ
dan	tan
dang	tɑŋ
dao	tɑ͡ʊ
de	tɤ
dei	te͡ɪ
den	tən
deng	təŋ
di	ti
dia	tja
dian	tjɛn
diao	tjɑ͡ʊ
die	tjɛ
ding	tiŋ
diu	tjo͡ʊ
dong	toŋ
dou	to͡ʊ
du	tu
duan	twan
dui	twe͡ɪ
dun	twən
duo	two
e	ɤ
ei	e͡ɪ
en	ən
eng	əŋ
er	ɚ
fa	fa
fan	fan
fang	fɑŋ
fei	fe͡ɪ
fen	fən
feng	fəŋ
fo	fwo
fou	fo͡ʊ
fu	fu
ga	ka
gai	ka͡ɪ
gan	kan
gang	kɑŋ
gao	kɑ͡ʊ
ge	kɤ
gei	ke͡ɪ
gen	kən
geng	kəŋ
gong	koŋ
gou	ko͡ʊ
gu	ku
gua	kwa
guai	kwa͡ɪ
guan	kwan
guang	kwɑŋ
gui	kwe͡ɪ
gun	kwən
guo	kwo
ha	xa
hai	xa͡ɪ
han	xan
hang	xɑŋ
hao	xɑ͡ʊ
he	xɤ
hei	xe͡ɪ
hen	xən
heng	xəŋ
hong	xoŋ
hou	xo͡ʊ
hu	xu
hua	xwa
huai	xwa͡ɪ
huan	xwan
huang	xwɑŋ
hui	xwe͡ɪ
hun	xwən
huo	xwo
ji	ʨi
jia	ʨja
jian	ʨjɛn
jiang	ʨjɑŋ
jiao	ʨjɑ͡ʊ
jie	ʨjɛ
jin	ʨin
jing	ʨiŋ
jiong	ʨjoŋ
jiu	ʨjo͡ʊ
ju	ʨy
juan	ʨɥɛn
jue	ʨɥɛ
jun	ʨɥən
ka	kʰa
kai	kʰa͡ɪ
kan	kʰan
kang	kʰɑŋ
kao	kʰɑ͡ʊ
ke	kʰɤ
kei	kʰe͡ɪ
ken	kʰən
keng	kʰəŋ
kong	kʰoŋ
kou	kʰo͡ʊ
ku	kʰu
kua	kʰwa
kuai	kʰwa͡ɪ
kuan	kwan
kuang	kʰwɑŋ
kui	kʰwe͡ɪ
kun	kʰwən
kuo	kʰwo
la	la
lai	la͡ɪ
lan	lan
lang	lɑŋ
lao	lɑ͡ʊ
le	lɤ
lei	le͡ɪ
leng	ləŋ
li	li
lia	lja
lian	ljɛn
liang	ljɑŋ
liao	ljɑ͡ʊ
lie	ljɛ
lin	lin
ling	liŋ
liu	ljo͡ʊ
lo	lo
long	loŋ
lou	lo͡ʊ
lu	lu
luan	lwan
lve	lɥɛ
lun	lwən
luo	lwo
lv	ly
ma	ma
mai	ma͡ɪ
man	man
mang	mɑŋ
mao	mɑ͡ʊ
me	mə
mei	me͡ɪ
men	mən
meng	məŋ
mi	mi
mian	mjɛn
miao	mjɑ͡ʊ
mie	mjɛ
min	min
ming	miŋ
miu	mjo͡ʊ
mo	mwo
mou	mo͡ʊ
mu	mu
na	na
nai	na͡ɪ
nan	nan
nang	nɑŋ
nao	nɑ͡ʊ
ne	nɤ
nei	ne͡ɪ
nen	nən
neng	nəŋ
ni	ni
nian	njɛn
niang	njɑŋ
niao	njɑ͡ʊ
nie	njɛ
nin	nin
ning	niŋ
niu	njo͡ʊ
nong	noŋ
nou	no͡ʊ
nu	nu
nuan	nwan
nve	nɥɛ
nvn	nyn
nuo	nwo
nv	ny
o	o
ou	o͡ʊ
pa	pʰa
pai	pʰa͡ɪ
pan	pʰan
pang	pʰɑŋ
pao	pʰɑ͡ʊ
pei	pʰe͡ɪ
pen	pʰən
peng	pʰəŋ
pi	pʰi
pian	pʰjɛn
piao	pʰjɑ͡ʊ
pie	pʰjɛ
pin	pʰin
ping	pʰiŋ
po	pʰwo
pou	pʰo͡ʊ
pu	pʰu
qi	ʨʰi
qia	ʨʰja
qian	ʨʰjɛn
qiang	ʨʰjɑŋ
qiao	ʨʰjɑ͡ʊ
qie	ʨʰjɛ
qin	ʨʰin
qing	ʨʰiŋ
qiong	ʨʰjoŋ
qiu	ʨʰjo͡ʊ
qu	ʨʰy
quan	ʨʰyɛn
que	ʨʰɥɛ
qun	ʨʰyn
ran	ʐan
rang	ʐɑŋ
rao	ʐɑ͡ʊ
re	ʐɤ
ren	ʐən
reng	ʐəŋ
ri	ʐʅ
rong	ʐoŋ
rou	ʐo͡ʊ
ru	ʐu
ruan	ʐwan
rui	ʐwe͡ɪ
run	ʐwən
ruo	ʐwo
sa	sa
sai	sa͡ɪ
san	san
sang	sɑŋ
sao	sɑ͡ʊ
se	sɤ
sen	sən
seng	səŋ
sha	ʂa
shai	ʂa͡ɪ
shan	ʂan
shang	ʂɑŋ
shao	ʂɑ͡ʊ
she	ʂɤ
shei	ʂe͡ɪ
shen	ʂən
sheng	ʂəŋ
shi	ʂʅ
shou	ʂo͡ʊ
shu	ʂu
shua	ʂwa
shuai	ʂwa͡ɪ
shuan	ʂwan
shuang	ʂwɑŋ
shui	ʂwe͡ɪ
shun	ʂwən
shuo	ʂwo
si	sɿ
song	soŋ
sou	so͡ʊ
su	su
suan	swan	 
sui	swe͡ɪ
sun	swən
suo	swo
ta	tʰa
tai	tʰa͡ɪ
tan	tʰan
tang	tʰɑŋ
tao	tʰɑ͡ʊ
te	tʰɤ
tei	tʰe͡ɪ
teng	tʰəŋ
ti	tʰi
tian	tʰjɛn
tiao	tʰjɑ͡ʊ
tie	tʰjɛ
ting	tʰiŋ
tong	tʰoŋ
tou	tʰo͡ʊ
tu	tʰu
tuan	tʰwan
tui	tʰwe͡ɪ
tun	tʰwən
tuo	tʰwo
wa	wa
wai	wa͡ɪ
wan	wan
wang	wɑŋ
wei	we͡ɪ
wen	wən
weng	wəŋ
wo	wo
wu	u
xi	ɕi
xia	ɕja
xian	ɕjɛn
xiang	ɕjɑŋ
xiao	ɕjɑ͡ʊ
xie	ɕjɛ
xin	ɕin
xing	ɕiŋ
xiong	ɕjoŋ
xiu	ɕjo͡ʊ
xu	ɕy
xuan	ɕɥɛn
xue	ɕɥɛ
xun	ɕyn
ya	ja
yan	jɛn
yang	jɑŋ
yao	jɑ͡ʊ
ye	jɛ
yi	i
yin	in
ying	iŋ
yo	jo
yong	joŋ
you	jo͡ʊ
yu	y
yuan	ɥɛn
yue	ɥɛ
yun	yn
za	ʦa
zai	ʦa͡ɪ
zan	ʦan
zang	ʦɑŋ
zao	ʦɑ͡ʊ
ze	ʦɤ
zei	ʦe͡ɪ
zen	ʦən
zeng	ʦəŋ
zha	ʦ̢a
zhai	ʦ̢a͡ɪ
zhan	ʦ̢an
zhang	ʦ̢ɑŋ
zhao	ʦ̢ɑ͡ʊ
zhe	ʦ̢ɤ
zhei	ʦ̢e͡ɪ
zhen	ʦ̢ən
zheng	ʦ̢əŋ
zhi	ʦ̢ʅ
zhong	ʦ̢oŋ
zhou	ʦ̢o͡ʊ
zhu	ʦ̢u
zhua	ʦ̢wa
zhuai	ʦ̢wa͡ɪ
zhuan	ʦ̢wan
zhuang	ʦ̢wɑŋ
zhui	ʦ̢we͡ɪ
zhun	ʦ̢wən
zhuo	ʦ̢wo
zi	ʦɿ
zong	ʦoŋ
zou	ʦo͡ʊ
zu	ʦu
zuan	ʦwan
zui	ʦwe͡ɪ
zun	ʦwən
zuo	ʦwo
0	⁰
1	⁵⁵
2	³⁵
3	²¹⁴
4	⁵¹
6	³⁵