#lang cmn-pinyin
#name Mandarin Chinese (Pinyin)
#other 214 Rules
#phonexfind (S1=σ:tn("214"))(S2=σ:tn("214"))
#phonexreplace \{S1}³⁵\{S2}
#phonexfind (S1=σ:tn("214"))(S2=σ:tn("not 214"))
#phonexreplace \{S1}²¹\{S2}
#other one sandhi
#phonexfind (S1=\Si:tn("55"))(S2=σ:tn("51"))
#phonexreplace \{S1}³⁵\{S2}
#phonexfind (S1=\Si:tn("55"))(R=\S.+)
#phonexreplace \{S1}⁵¹\{R}
#other bu sandhi
#phonexfind (S1=\Spu:tn("51"))(S2=σ:tn("51"))
#phonexreplace \{S1}³⁵\{S2}
a	a:N
ai	a͡ɪ:N
an	a:Nn:C
ang	ɑ:Nŋ:C
ao	ɑ͡ʊ:N
ba	p:Oa:N
bai	p:Oa͡ɪ:N
ban	p:Oa:Nn:C
bang	p:Oɑ:Nŋ:C
bao	p:Oɑ͡ʊ:N
bei	p:Oe͡ɪ:N
ben	p:Oə:Nn:C
beng	p:Oə:Nŋ:C
bi	p:Oi:N
bian	p:Oj:Nɛ:Dn:C
biao	p:Oj:Nɑ͡ʊ:D
bie	p:Oj:Nɛ:D
bin	p:Oi:Nn:C
bing	p:Oi:Nŋ:C
bo	p:Ow:No:D
bu	p:Ou:N
ca	ʦʰ:Oa:N
cai	ʦʰ:Oa͡ɪ:N
can	ʦʰ:Oa:Nn:C
cang	ʦʰ:Oɑ:Nŋ:C
cao	ʦʰ:Oɑ͡ʊ:N
ce	ʦʰ:Oɤ:N
cen	ʦʰ:Oə:Nn:C
ceng	ʦʰ:Oə:Nŋ:C
cha	ʦ̢ʰ:Oa:N
chai	ʦ̢ʰ:Oa͡ɪ:N
chan	ʦ̢ʰ:Oa:Nn:C
chang	ʦ̢ʰ:Oɑ:Nŋ:C
chao	ʦ̢ʰ:Oɑ͡ʊ:N
che	ʦ̢ʰ:Oɤ:N
chen	ʦ̢ʰ:Oə:Nn:C
cheng	ʦ̢ʰ:Oə:Nŋ:C
chi	ʦ̢ʰ:Oɻ̩:N
chong	ʦ̢ʰ:Oo:Nŋ:C
chou	ʦ̢ʰ:Oo͡ʊ:N
chu	ʦ̢ʰ:Ou:N
chua	ʦ̢ʰ:Ow:Na:D
chuai	ʦ̢ʰ:Ow:Na͡ɪ:D
chuan	ʦ̢ʰ:Ow:Na:Dn:C
chuang	ʦ̢ʰ:Ow:Nɑ:Dŋ:C
chui	ʦ̢ʰ:Ow:Ne͡ɪ:D
chun	ʦ̢ʰ:Ow:Nə:Dn:C
chuo	ʦ̢ʰ:Ow:No:D
ci	ʦʰ:Oɹ̩:N
cong	ʦʰ:Oo:Nŋ:C
cou	ʦʰ:Oo͡ʊ:N
cu	ʦʰ:Ou:N
cuan	ʦʰ:Ow:Na:Dn:C
cui	ʦ:Ow:Ne͡ɪ:D
cun	ʦʰ:Ow:Nə:Dn:C
cuo	ʦʰ:Ow:No:D
da	t:Oa:N
dai	t:Oa͡ɪ:N
dan	t:Oa:Nn:C
dang	t:Oɑ:Nŋ:C
dao	t:Oɑ͡ʊ:N
de	t:Oɤ:N
dei	t:Oe͡ɪ:N
den	t:Oə:Nn:C
deng	t:Oə:Nŋ:C
di	t:Oi:N
dia	t:Oj:Na:D
dian	t:Oj:Nɛ:Dn:C
diao	t:Oj:Nɑ͡ʊ:D
die	t:Oj:Nɛ:D
ding	t:Oi:Nŋ:C
diu	t:Oj:No͡ʊ:D
dong	t:Oo:Nŋ:C
dou	t:Oo͡ʊ:N
du	t:Ou:N
duan	t:Ow:Na:Dn:C
dui	t:Ow:Ne͡ɪ:D
dun	t:Ow:Nə:Dn:C
duo	t:Ow:No:D
e	ɤ:N
ei	e͡ɪ:N
en	ə:Nn:C
eng	ə:Nŋ:C
er	ɚ:N
fa	f:Oa:N
fan	f:Oa:Nn:C
fang	f:Oɑ:Nŋ:C
fei	f:Oe͡ɪ:N
fen	f:Oə:Nn:C
feng	f:Oə:Nŋ:C
fo	f:Ow:No:D
fou	f:Oo͡ʊ:N
fu	f:Ou:N
ga	k:Oa:N
gai	k:Oa͡ɪ:N
gan	k:Oa:Nn:C
gang	k:Oɑ:Nŋ:C
gao	k:Oɑ͡ʊ:N
ge	k:Oɤ:N
gei	k:Oe͡ɪ:N
gen	k:Oə:Nn:C
geng	k:Oə:Nŋ:C
gong	k:Oo:Nŋ:C
gou	k:Oo͡ʊ:N
gu	k:Ou:N
gua	k:Ow:Na:D
guai	k:Ow:Na͡ɪ:D
guan	k:Ow:Na:Dn:C
guang	k:Ow:Nɑ:Dŋ:C
gui	k:Ow:Ne͡ɪ:D
gun	k:Ow:Nə:Dn:C
guo	k:Ow:No:D
ha	x:Oa:N
hai	x:Oa͡ɪ:N
han	x:Oa:Nn:C
hang	x:Oɑ:Nŋ:C
hao	x:Oɑ͡ʊ:N
he	x:Oɤ:N
hei	x:Oe͡ɪ:N
hen	x:Oə:Nn:C
heng	x:Oə:Nŋ:C
hong	x:Oo:Nŋ:C
hou	x:Oo͡ʊ:N
hu	x:Ou:N
hua	x:Ow:Na:D
huai	x:Ow:Na͡ɪ:D
huan	x:Ow:Na:Dn:C
huang	x:Ow:Nɑ:Dŋ:C
hui	x:Ow:Ne͡ɪ:D
hun	x:Ow:Nə:Dn:C
huo	x:Ow:No:D
ji	ʨ:Oi:N
jia	ʨ:Oj:Na:D
jian	ʨ:Oj:Nɛ:Dn:C
jiang	ʨ:Oj:Nɑ:Dŋ:C
jiao	ʨ:Oj:Nɑ͡ʊ:D
jie	ʨ:Oj:Nɛ:D
jin	ʨ:Oi:Nn:C
jing	ʨ:Oi:Nŋ:C
jiong	ʨ:Oj:No:Dŋ:C
jiu	ʨ:Oj:No͡ʊ:D
ju	ʨ:Oy:N
juan	ʨ:Oɥ:Nɛ:Dn:C
jue	ʨ:Oɥ:Nɛ:D
jun	ʨ:Oɥ:Nə:Dn:C
ka	kʰ:Oa:N
kai	kʰ:Oa͡ɪ:N
kan	kʰ:Oa:Nn:C
kang	kʰ:Oɑ:Nŋ:C
kao	kʰ:Oɑ͡ʊ:N
ke	kʰ:Oɤ:N
kei	kʰ:Oe͡ɪ:N
ken	kʰ:Oə:Nn:C
keng	kʰ:Oə:Nŋ:C
kong	kʰ:Oo:Nŋ:C
kou	kʰ:Oo͡ʊ:N
ku	kʰ:Ou:N
kua	kʰ:Ow:Na:D
kuai	kʰ:Ow:Na͡ɪ:D
kuan	k:Ow:Na:Dn:C
kuang	kʰ:Ow:Nɑ:Dŋ:C
kui	kʰ:Ow:Ne͡ɪ:D
kun	kʰ:Ow:Nə:Dn:C
kuo	kʰ:Ow:No:D
la	l:Oa:N
lai	l:Oa͡ɪ:N
lan	l:Oa:Nn:C
lang	l:Oɑ:Nŋ:C
lao	l:Oɑ͡ʊ:N
le	l:Oɤ:N
lei	l:Oe͡ɪ:N
leng	l:Oə:Nŋ:C
li	l:Oi:N
lia	l:Oj:Na:D
lian	l:Oj:Nɛ:Dn:C
liang	l:Oj:Nɑ:Dŋ:C
liao	l:Oj:Nɑ͡ʊ:D
lie	l:Oj:Nɛ:D
lin	l:Oi:Nn:C
ling	l:Oi:Nŋ:C
liu	l:Oj:No͡ʊ:D
lo	l:Oo:N
long	l:Oo:Nŋ:C
lou	l:Oo͡ʊ:N
lu	l:Ou:N
luan	l:Ow:Na:Dn:C
lve	l:Oɥ:Nɛ:D
lun	l:Ow:Nə:Dn:C
luo	l:Ow:No:D
lv	l:Oy:N
ma	m:Oa:N
mai	m:Oa͡ɪ:N
man	m:Oa:Nn:C
mang	m:Oɑ:Nŋ:C
mao	m:Oɑ͡ʊ:N
me	m:Oə:N
mei	m:Oe͡ɪ:N
men	m:Oə:Nn:C
meng	m:Oə:Nŋ:C
mi	m:Oi:N
mian	m:Oj:Nɛ:Dn:C
miao	m:Oj:Nɑ͡ʊ:D
mie	m:Oj:Nɛ:D
min	m:Oi:Nn:C
ming	m:Oi:Nŋ:C
miu	m:Oj:No͡ʊ:D
mo	m:Ow:No:D
mou	m:Oo͡ʊ:N
mu	m:Ou:N
na	n:Oa:N
nai	n:Oa͡ɪ:N
nan	n:Oa:Nn:C
nang	n:Oɑ:Nŋ:C
nao	n:Oɑ͡ʊ:N
ne	n:Oɤ:N
nei	n:Oe͡ɪ:N
nen	n:Oə:Nn:C
neng	n:Oə:Nŋ:C
ni	n:Oi:N
nian	n:Oj:Nɛ:Dn:C
niang	n:Oj:Nɑ:Dŋ:C
niao	n:Oj:Nɑ͡ʊ:D
nie	n:Oj:Nɛ:D
nin	n:Oi:Nn:C
ning	n:Oi:Nŋ:C
niu	n:Oj:No͡ʊ:D
nong	n:Oo:Nŋ:C
nou	n:Oo͡ʊ:N
nu	n:Ou:N
nuan	n:Ow:Na:Dn:C
nve	n:Oɥ:Nɛ:D
nvn	n:Oy:Nn:C
nuo	n:Ow:No:D
nv	n:Oy:N
o	o:N
ou	o͡ʊ:N
pa	pʰ:Oa:N
pai	pʰ:Oa͡ɪ:N
pan	pʰ:Oa:Nn:C
pang	pʰ:Oɑ:Nŋ:C
pao	pʰ:Oɑ͡ʊ:N
pei	pʰ:Oe͡ɪ:N
pen	pʰ:Oə:Nn:C
peng	pʰ:Oə:Nŋ:C
pi	pʰ:Oi:N
pian	pʰ:Oj:Nɛ:Dn:C
piao	pʰ:Oj:Nɑ͡ʊ:D
pie	pʰ:Oj:Nɛ:D
pin	pʰ:Oi:Nn:C
ping	pʰ:Oi:Nŋ:C
po	pʰ:Ow:No:D
pou	pʰ:Oo͡ʊ:N
pu	pʰ:Ou:N
qi	ʨʰ:Oi:N
qia	ʨʰ:Oj:Na:D
qian	ʨʰ:Oj:Nɛ:Dn:C
qiang	ʨʰ:Oj:Nɑ:Dŋ:C
qiao	ʨʰ:Oj:Nɑ͡ʊ:D
qie	ʨʰ:Oj:Nɛ:D
qin	ʨʰ:Oi:Nn:C
qing	ʨʰ:Oi:Nŋ:C
qiong	ʨʰ:Oj:No:Dŋ:C
qiu	ʨʰ:Oj:No͡ʊ:D
qu	ʨʰ:Oy:N
quan	ʨʰ:Oy:Nɛ:Nn:C
que	ʨʰ:Oɥ:Nɛ:D
qun	ʨʰ:Oy:Nn:C
ran	ʐ:Oa:Nn:C
rang	ʐ:Oɑ:Nŋ:C
rao	ʐ:Oɑ͡ʊ:N
re	ʐ:Oɤ:N
ren	ʐ:Oə:Nn:C
reng	ʐ:Oə:Nŋ:C
ri	ʐ:Oɻ̩:N
rong	ʐ:Oo:Nŋ:C
rou	ʐ:Oo͡ʊ:N
ru	ʐ:Ou:N
ruan	ʐ:Ow:Na:Dn:C
rui	ʐ:Ow:Ne͡ɪ:D
run	ʐ:Ow:Nə:Dn:C
ruo	ʐ:Ow:No:D
sa	s:Oa:N
sai	s:Oa͡ɪ:N
san	s:Oa:Nn:C
sang	s:Oɑ:Nŋ:C
sao	s:Oɑ͡ʊ:N
se	s:Oɤ:N
sen	s:Oə:Nn:C
seng	s:Oə:Nŋ:C
sha	ʂ:Oa:N
shai	ʂ:Oa͡ɪ:N
shan	ʂ:Oa:Nn:C
shang	ʂ:Oɑ:Nŋ:C
shao	ʂ:Oɑ͡ʊ:N
she	ʂ:Oɤ:N
shei	ʂ:Oe͡ɪ:N
shen	ʂ:Oə:Nn:C
sheng	ʂ:Oə:Nŋ:C
shi	ʂ:Oɻ̩:N
shou	ʂ:Oo͡ʊ:N
shu	ʂ:Ou:N
shua	ʂ:Ow:Na:D
shuai	ʂ:Ow:Na͡ɪ:D
shuan	ʂ:Ow:Na:Dn:C
shuang	ʂ:Ow:Nɑ:Dŋ:C
shui	ʂ:Ow:Ne͡ɪ:D
shun	ʂ:Ow:Nə:Dn:C
shuo	ʂ:Ow:No:D
si	s:Oɹ̩:N
song	s:Oo:Nŋ:C
sou	s:Oo͡ʊ:N
su	s:Ou:N
suan	s:Ow:Na:Dn:C
sui	s:Ow:Ne͡ɪ:D
sun	s:Ow:Nə:Dn:C
suo	s:Ow:No:D
ta	tʰ:Oa:N
tai	tʰ:Oa͡ɪ:N
tan	tʰ:Oa:Nn:C
tang	tʰ:Oɑ:Nŋ:C
tao	tʰ:Oɑ͡ʊ:N
te	tʰ:Oɤ:N
tei	tʰ:Oe͡ɪ:N
teng	tʰ:Oə:Nŋ:C
ti	tʰ:Oi:N
tian	tʰ:Oj:Nɛ:Dn:C
tiao	tʰ:Oj:Nɑ͡ʊ:D
tie	tʰ:Oj:Nɛ:D
ting	tʰ:Oi:Nŋ:C
tong	tʰ:Oo:Nŋ:C
tou	tʰ:Oo͡ʊ:N
tu	tʰ:Ou:N
tuan	tʰ:Ow:Na:Dn:C
tui	tʰ:Ow:Ne͡ɪ:D
tun	tʰ:Ow:Nə:Dn:C
tuo	tʰ:Ow:No:D
wa	w:Na:D
wai	w:Na͡ɪ:D
wan	w:Na:Dn:C
wang	w:Nɑ:Dŋ:C
wei	w:Ne͡ɪ:D
wen	w:Nə:Dn:C
weng	w:Nə:Dŋ:C
wo	w:No:D
wu	u:N
xi	ɕ:Oi:N
xia	ɕ:Oj:Na:D
xian	ɕ:Oj:Nɛ:Dn:C
xiang	ɕ:Oj:Nɑ:Dŋ:C
xiao	ɕ:Oj:Nɑ͡ʊ:D
xie	ɕ:Oj:Nɛ:D
xin	ɕ:Oi:Nn:C
xing	ɕ:Oi:Nŋ:C
xiong	ɕ:Oj:No:Dŋ:C
xiu	ɕ:Oj:No͡ʊ:D
xu	ɕ:Oy:N
xuan	ɕ:Oɥ:Nɛ:Dn:C
xue	ɕ:Oɥ:Nɛ:D
xun	ɕ:Oy:Nn:C
ya	j:Na:D
yan	j:Nɛ:Dn:C
yang	j:Nɑ:Dŋ:C
yao	j:Nɑ͡ʊ:D
ye	j:Nɛ:D
yi	i:N
yin	i:Nn:C
ying	i:Nŋ:C
yo	j:No:D
yong	j:No:Dŋ:C
you	j:No͡ʊ:D
yu	y:N
yuan	ɥ:Nɛ:Dn:C
yue	ɥ:Nɛ:D
yun	y:Nn:C
za	ʦ:Oa:N
zai	ʦ:Oa͡ɪ:N
zan	ʦ:Oa:Nn:C
zang	ʦ:Oɑ:Nŋ:C
zao	ʦ:Oɑ͡ʊ:N
ze	ʦ:Oɤ:N
zei	ʦ:Oe͡ɪ:N
zen	ʦ:Oə:Nn:C
zeng	ʦ:Oə:Nŋ:C
zha	ʦ̢:Oa:N
zhai	ʦ̢:Oa͡ɪ:N
zhan	ʦ̢:Oa:Nn:C
zhang	ʦ̢:Oɑ:Nŋ:C
zhao	ʦ̢:Oɑ͡ʊ:N
zhe	ʦ̢:Oɤ:N
zhei	ʦ̢:Oe͡ɪ:N
zhen	ʦ̢:Oə:Nn:C
zheng	ʦ̢:Oə:Nŋ:C
zhi	ʦ̢:Oɻ̩:N
zhong	ʦ̢:Oo:Nŋ:C
zhou	ʦ̢:Oo͡ʊ:N
zhu	ʦ̢:Ou:N
zhua	ʦ̢:Ow:Na:D
zhuai	ʦ̢:Ow:Na͡ɪ:D
zhuan	ʦ̢:Ow:Na:Dn:C
zhuang	ʦ̢:Ow:Nɑ:Dŋ:C
zhui	ʦ̢:Ow:Ne͡ɪ:D
zhun	ʦ̢:Ow:Nə:Dn:C
zhuo	ʦ̢:Ow:No:D
zi	ʦ:Oɹ̩:N
zong	ʦ:Oo:Nŋ:C
zou	ʦ:Oo͡ʊ:N
zu	ʦ:Ou:N
zuan	ʦ:Ow:Na:Dn:C
zui	ʦ:Ow:Ne͡ɪ:D
zun	ʦ:Ow:Nə:Dn:C
zuo	ʦ:Ow:No:D
0	⁰
1	⁵⁵
2	³⁵
3	²¹⁴
4	⁵¹
6	³⁵

