#lang cmn
#name Mandarin Chinese
a	a
ai	a͡ɪ
an	an
ang	aŋ
ao	a͡ʊ
ba	pa
bai	pa͡ɪ
ban	pan
bang	paŋ
bao	pa͡ʊ
bei	pe͡ɪ
ben	pən
beng	pəŋ
bi	pi
bian	pjɛn
biao	pja͡ʊ
bie	pjɛ
bin	pin
bing	piŋ
bo	pwo
bu	pu
ca	ʦʰa
cai	ʦʰa͡ɪ
can	ʦʰan
cang	ʦʰaŋ
cao	ʦʰa͡ʊ
ce	ʦʰɤ
cen	ʦʰən
ceng	ʦʰəŋ
cha	t͡ʂʰa
chai	t͡ʂʰa͡ɪ
chan	t͡ʂʰan
chang	t͡ʂʰaŋ
chao	t͡ʂʰa͡ʊ
che	t͡ʂʰɤ
chen	t͡ʂʰən
cheng	t͡ʂʰəŋ
chi	t͡ʂʰɻ̩
chong	t͡ʂʰuŋ
chou	t͡ʂʰo͡ʊ
chu	t͡ʂʰu
chua	t͡ʂʰwa
chuai	t͡ʂʰwa͡ɪ
chuan	t͡ʂʰwan
chuang	t͡ʂʰwaŋ
chui	t͡ʂʰwe͡ɪ
chun	t͡ʂʰwən
chuo	t͡ʂʰwo
ci	ʦʰɹ̩
cong	ʦʰuŋ
cou	ʦʰo͡ʊ
cu	ʦʰu
cuan	ʦʰwan
cui	ʦwe͡ɪ
cun	ʦʰwən
cuo	ʦʰwo
da	ta
dai	ta͡ɪ
dan	tan
dang	taŋ
dao	ta͡ʊ
de	tɤ
dei	te͡ɪ
den	tən
deng	təŋ
di	ti
dia	tja
dian	tjɛn
diao	tja͡ʊ
die	tjɛ
ding	tiŋ
diu	tjo͡ʊ
dong	tuŋ
dou	to͡ʊ
du	tu
duan	twan
dui	twe͡ɪ
dun	twən
duo	two
e	ɤ
ei	e͡ɪ
en	ən
eng	əŋ
er	ɚ
fa	fa
fan	fan
fang	faŋ
fei	fe͡ɪ
fen	fən
feng	fəŋ
fo	fwo
fou	fo͡ʊ
fu	fu
ga	ka
gai	ka͡ɪ
gan	kan
gang	kaŋ
gao	ka͡ʊ
ge	kɤ
gei	ke͡ɪ
gen	kən
geng	kəŋ
gong	kuŋ
gou	ko͡ʊ
gu	ku
gua	kwa
guai	kwa͡ɪ
guan	kwan
guang	kwaŋ
gui	kwe͡ɪ
gun	kwən
guo	kwo
ha	xa
hai	xa͡ɪ
han	xan
hang	xaŋ
hao	xa͡ʊ
he	xɤ
hei	xe͡ɪ
hen	xən
heng	xəŋ
hong	xuŋ
hou	xo͡ʊ
hu	xu
hua	xwa
huai	xwa͡ɪ
huan	xwan
huang	xwaŋ
hui	xwe͡ɪ
hun	xwən
huo	xwo
ji	ʨi
jia	ʨja
jian	ʨjɛn
jiang	ʨjaŋ
jiao	ʨja͡ʊ
jie	ʨjɛ
jin	ʨin
jing	ʨiŋ
jiong	ʨjuŋ
jiu	ʨjo͡ʊ
ju	ʨy
juan	ʨɥɛn
jue	ʨɥɛ
jun	ʨɥən
ka	kʰa
kai	kʰa͡ɪ
kan	kʰan
kang	kʰaŋ
kao	kʰa͡ʊ
ke	kʰɤ
kei	kʰe͡ɪ
ken	kʰən
keng	kʰəŋ
kong	kʰuŋ
kou	kʰo͡ʊ
ku	kʰu
kua	kʰwa
kuai	kʰwa͡ɪ
kuan	kwan
kuang	kʰwaŋ
kui	kʰwe͡ɪ
kun	kʰwən
kuo	kʰwo
la	la
lai	la͡ɪ
lan	lan
lang	laŋ
lao	la͡ʊ
le	lɤ
lei	le͡ɪ
leng	ləŋ
li	li
lia	lja
lian	ljɛn
liang	ljaŋ
liao	lja͡ʊ
lie	ljɛ
lin	lin
ling	liŋ
liu	ljo͡ʊ
lo	lo
long	luŋ
lou	lo͡ʊ
lu	lu
luan	lwan
lve	lɥɛ
lun	lwən
luo	lwo
lv	ly
ma	ma
mai	ma͡ɪ
man	man
mang	maŋ
mao	ma͡ʊ
me	mə
mei	me͡ɪ
men	mən
meng	məŋ
mi	mi
mian	mjɛn
miao	mja͡ʊ
mie	mjɛ
min	min
ming	miŋ
miu	mjo͡ʊ
mo	mwo
mou	mo͡ʊ
mu	mu
na	na
nai	na͡ɪ
nan	nan
nang	naŋ
nao	na͡ʊ
ne	nɤ
nei	ne͡ɪ
nen	nən
neng	nəŋ
ni	ni
nian	njɛn
niang	njaŋ
niao	nja͡ʊ
nie	njɛ
nin	nin
ning	niŋ
niu	njo͡ʊ
nong	nuŋ
nou	no͡ʊ
nu	nu
nuan	nwan
nve	nɥɛ
nvn	nyn
nuo	nwo
nv	ny
o	o
ou	o͡ʊ
pa	pʰa
pai	pʰa͡ɪ
pan	pʰan
pang	pʰaŋ
pao	pʰa͡ʊ
pei	pʰe͡ɪ
pen	pʰən
peng	pʰəŋ
pi	pʰi
pian	pʰjɛn
piao	pʰja͡ʊ
pie	pʰjɛ
pin	pʰin
ping	pʰiŋ
po	pʰwo
pou	pʰo͡ʊ
pu	pʰu
qi	ʨʰi
qia	ʨʰja
qian	ʨʰjɛn
qiang	ʨʰjaŋ
qiao	ʨʰja͡ʊ
qie	ʨʰjɛ
qin	ʨʰin
qing	ʨʰiŋ
qiong	ʨʰjuŋ
qiu	ʨʰjo͡ʊ
qu	ʨʰy
quan	ʨʰyɛn
que	ʨʰɥɛ
qun	ʨʰyn
ran	ʐan
rang	ʐaŋ
rao	ʐa͡ʊ
re	ʐɤ
ren	ʐən
reng	ʐəŋ
ri	ʐɻ̩
rong	ʐuŋ
rou	ʐo͡ʊ
ru	ʐu
ruan	ʐwan
rui	ʐwe͡ɪ
run	ʐwən
ruo	ʐwo
sa	sa
sai	sa͡ɪ
san	san
sang	saŋ
sao	sa͡ʊ
se	sɤ
sen	sən
seng	səŋ
sha	ʂa
shai	ʂa͡ɪ
shan	ʂan
shang	ʂaŋ
shao	ʂa͡ʊ
she	ʂɤ
shei	ʂe͡ɪ
shen	ʂən
sheng	ʂəŋ
shi	ʂɻ̩
shou	ʂo͡ʊ
shu	ʂu
shua	ʂwa
shuai	ʂwa͡ɪ
shuan	ʂwan
shuang	ʂwaŋ
shui	ʂwe͡ɪ
shun	ʂwən
shuo	ʂwo
si	sɹ̩
song	suŋ
sou	so͡ʊ
su	su
suan	swan	 
sui	swe͡ɪ
sun	swən
suo	swo
ta	tʰa
tai	tʰa͡ɪ
tan	tʰan
tang	tʰaŋ
tao	tʰa͡ʊ
te	tʰɤ
tei	tʰe͡ɪ
teng	tʰəŋ
ti	tʰi
tian	tʰjɛn
tiao	tʰja͡ʊ
tie	tʰjɛ
ting	tʰiŋ
tong	tʰuŋ
tou	tʰo͡ʊ
tu	tʰu
tuan	tʰwan
tui	tʰwe͡ɪ
tun	tʰwən
tuo	tʰwo
wa	wa
wai	wa͡ɪ
wan	wan
wang	waŋ
wei	we͡ɪ
wen	wən
weng	wəŋ
wo	wo
wu	u
xi	ɕi
xia	ɕja
xian	ɕjɛn
xiang	ɕjaŋ
xiao	ɕja͡ʊ
xie	ɕjɛ
xin	ɕin
xing	ɕiŋ
xiong	ɕjuŋ
xiu	ɕjo͡ʊ
xu	ɕy
xuan	ɕɥɛn
xue	ɕɥɛ
xun	ɕyn
ya	ja
yan	jɛn
yang	jaŋ
yao	ja͡ʊ
ye	jɛ
yi	i
yin	in
ying	iŋ
yo	jo
yong	juŋ
you	jo͡ʊ
yu	y
yuan	ɥɛn
yue	ɥɛ
yun	yn
za	ʦa
zai	ʦa͡ɪ
zan	ʦan
zang	ʦaŋ
zao	ʦa͡ʊ
ze	ʦɤ
zei	ʦe͡ɪ
zen	ʦən
zeng	ʦəŋ
zha	t͡ʂa
zhai	t͡ʂa͡ɪ
zhan	t͡ʂan
zhang	t͡ʂaŋ
zhao	t͡ʂa͡ʊ
zhe	t͡ʂɤ
zhei	t͡ʂe͡ɪ
zhen	t͡ʂən
zheng	t͡ʂəŋ
zhi	t͡ʂɻ̩
zhong	t͡ʂuŋ
zhou	t͡ʂo͡ʊ
zhu	t͡ʂu
zhua	t͡ʂwa
zhuai	t͡ʂwa͡ɪ
zhuan	t͡ʂwan
zhuang	t͡ʂwaŋ
zhui	t͡ʂwe͡ɪ
zhun	t͡ʂwən
zhuo	t͡ʂwo
zi	ʦɹ̩
zong	ʦuŋ
zou	ʦo͡ʊ
zu	ʦu
zuan	ʦwan
zui	ʦwe͡ɪ
zun	ʦwən
zuo	ʦwo
1	⁵⁵
2	³⁵
3	²¹⁴
4	⁵¹
6	³⁵

