#lang tsn
#name Setswana
nkghw	ŋ̩kχʰʷ
ntlhw	n̩t͡ɬʰʷ
ntshw	n̩ʦʰʷ
ntShw	ɲ̩ʧʰʷ
kghw	kχʰʷ
mphw	m̩pʰʷ
nkhw	ŋ̩kʰʷ
nngw	ŋ̩ŋʷ
nnyw	ɲ̩ɲʷ
nthw	n̩tʰʷ
ntlh	n̩t͡ɬʰ
ntlw	n̩t͡ɬʷ
ntSh	ɲ̩ʧʰ
ntsh	n̩ʦʰ
ntsw	n̩ʦʷ
ntSw	ɲ̩ʧʷ
tlhw	t͡ɬʰʷ
tshw	ʦʰʷ
tShw	ʧʰʷ
ntlh	n̩t͡ɬʰ
nthw	n̩tʰʷ
ntSw	ɲ̩ʧʷ
ntsw	n̩ʦʷ
khw	kʰʷ
mbw	m̩bʷ
mfw	m̩fʷ
mmw	m̩mʷ
mph	m̩pʰ
mpw	m̩pʷ
ndw	n̩dʷ
ngw	ŋʷ
ngw	ŋ̩χʷ
nhw	n̩hʷ
njw	ɲ̩ʤʷ
nkg	ŋ̩kχʰ
nkh	ŋ̩kʰ
nkw	ŋ̩kʷ
nlw	n̩lʷ
nng	ŋ̩ŋ
nnw	n̩nʷ
nnx	ɲ̩ǂ
nny	ɲ̩ɲ
nrw	n̩rʷ
nsw	n̩sʷ
nSw	ɲ̩ʃʷ
nth	n̩tʰ
ntl	n̩t͡ɬ
ntS	ɲ̩ʧ
nts	n̩ʦ
ntw	n̩tʷ
nyw	ɲʷ
phw	pʰʷ
thw	tʰʷ
tlh	t͡ɬʰ
tlw	t͡ɬʷ
tSh	ʧʰ
tsh	ʦʰ
tsw	ʦʷ
tSw	ʧʷ
kgw	kχʷ
khw	kʰʷ
mbw	m̩bʷ
mmw	m̩mʷ
mpw	m̩pʷ
ndw	n̩dʷ
ngw	ŋʷ
njw	ɲ̩ʤʷ
nkw	ŋ̩kʷ
nnw	n̩nʷ
nSw	ɲ̩ʃʷ
ntw	n̩tʷ
phw	pʰʷ
thw	tʰʷ
tlw	t͡ɬʷ
tSw	ʧʷ
tsw	ʦʷ
bw	bʷ
dw	dʷ
fw	fʷ
gw	χʷ
hw	hʷ
jw	ʤʷ
kg	kχʰ
kh	kʰ
kw	kʷ
lw	lʷ
mb	m̩b
mm	m̩m
mp	m̩p
mw	mʷ
nd	n̩d
ng	ŋ
ng	ŋ̩χ
nj	ɲ̩ʤ
nk	ŋ̩k
nn	n̩n
nS	ɲ̩ʃ
nt	n̩t
nw	nʷ
nx	ǂ
ph	pʰ
pw	pʷ
rw	rʷ
sw	sʷ
Sw	ʃʷ
th	tʰ
tl	t͡ɬ
tS	ʧ
ts	ʦ
tw	tʷ
EE	ɛː
OO	ɔː
UU	ʊː
II	ɪː
ii	iː
ee	eː
aa	aː
oo	oː
uu	uː
g	χ
j	ʤ
S	ʃ
y	j
p	p
b	b
t	t
d	d
k	k
m	m
n	n
i	i
e	e
a	a
o	o
u	u
E	ɛ
O	ɔ
I	ɪ
U	ʊ